// Jest Snapshot v1, https://goo.gl/fbAQLP

exports[`<Notifications /> should not render component 1`] = `<div />`;

exports[`<Notifications /> should not render component and call \`subscribe\` function (registration expired) 1`] = `<div />`;

exports[`<Notifications /> should not render component and not call \`subscribe\` function (registration not expired) 1`] = `<div />`;

exports[`<Notifications /> should not subscribe and hide banner (denied story) 1`] = `<div />`;

exports[`<Notifications /> should render component 1`] = `
.c3 {
  -webkit-appearance: none;
  -moz-appearance: none;
  appearance: none;
  background: transparent;
  border: none;
  cursor: pointer;
  outline: none;
  padding: 1rem 1.2rem 1.1rem;
  -webkit-text-decoration: none;
  text-decoration: none;
}

.c1 {
  background: var(--yellow);
  color: var(--white);
  font-size: 1.4rem;
  margin: 0 0 var(--gutter);
  padding: 1.5rem;
  position: relative;
  text-align: center;
}

.c1 button {
  -webkit-align-items: center;
  -webkit-box-align: center;
  -ms-flex-align: center;
  align-items: center;
  display: -webkit-box;
  display: -webkit-flex;
  display: -ms-flexbox;
  display: flex;
  position: absolute;
  right: 0;
  top: 0;
  bottom: 0;
}

.c1 + .c0 {
  border-top: 3px solid var(--yellow-darker);
}

.c2 {
  color: inherit;
  -webkit-text-decoration: none;
  text-decoration: none;
}

.c2:before {
  content: '';
  display: block;
  position: absolute;
  top: 0;
  left: 0;
  right: 0;
  bottom: 0;
}

.c2:hover {
  border-bottom: 1px solid currentColor;
}

<div>
  <div
    class="c0 c1"
    style="opacity: 0;"
  >
    <a
      class="c2"
      href="#"
      role="button"
    >
      Activer les notifications pour être alerté de nouvelle publication
    </a>
    <button
      class="c3"
    >
      <svg
        height="16"
        viewBox="0 0 22 28"
        width="16"
        xmlns="http://www.w3.org/2000/svg"
      >
        <path
          d="M20.281 20.656c0 0.391-0.156 0.781-0.438 1.062l-2.125 2.125c-0.281 0.281-0.672 0.438-1.062 0.438s-0.781-0.156-1.062-0.438l-4.594-4.594-4.594 4.594c-0.281 0.281-0.672 0.438-1.062 0.438s-0.781-0.156-1.062-0.438l-2.125-2.125c-0.281-0.281-0.438-0.672-0.438-1.062s0.156-0.781 0.438-1.062l4.594-4.594-4.594-4.594c-0.281-0.281-0.438-0.672-0.438-1.062s0.156-0.781 0.438-1.062l2.125-2.125c0.281-0.281 0.672-0.438 1.062-0.438s0.781 0.156 1.062 0.438l4.594 4.594 4.594-4.594c0.281-0.281 0.672-0.438 1.062-0.438s0.781 0.156 1.062 0.438l2.125 2.125c0.281 0.281 0.438 0.672 0.438 1.062s-0.156 0.781-0.438 1.062l-4.594 4.594 4.594 4.594c0.281 0.281 0.438 0.672 0.438 1.062z"
        />
      </svg>
    </button>
  </div>
</div>
`;

exports[`<Notifications /> should subscribe and hide banner 1`] = `<div />`;
