// Jest Snapshot v1, https://goo.gl/fbAQLP

exports[`<Select /> should render select 1`] = `
.c0 {
  margin: 0 0 var(--gutter);
  display: -webkit-box;
  display: -webkit-flex;
  display: -ms-flexbox;
  display: flex;
  -webkit-align-items: center;
  -webkit-box-align: center;
  -ms-flex-align: center;
  align-items: center;
}

.c0 > label {
  margin: 0 0.5rem 0 0;
}

.c1 {
  display: block;
  font-size: 1.6rem;
  margin: 0 0 1rem;
}

<div>
  <div
    class="c0"
  >
    <label
      class="c1"
      for="myselect"
    >
      My select
    </label>
    <select
      id="myselect"
      name="myselect"
      required=""
    >
      <option
        value="option1"
      >
        option 1
      </option>
      <option
        selected=""
        value="option2"
      >
        option 2
      </option>
    </select>
  </div>
</div>
`;
