// Jest Snapshot v1, https://goo.gl/fbAQLP

exports[`<FlashGroup /> should close flash messages 1`] = `
.c3 {
  -webkit-appearance: none;
  -moz-appearance: none;
  appearance: none;
  -webkit-align-items: center;
  -webkit-box-align: center;
  -ms-flex-align: center;
  align-items: center;
  border: none;
  border-radius: 0.2rem;
  cursor: pointer;
  display: -webkit-inline-box;
  display: -webkit-inline-flex;
  display: -ms-inline-flexbox;
  display: inline-flex;
  font-family: 'Roboto',Arial,sans-serif;
  font-size: 1.2rem;
  line-height: 1.3333333;
  outline: none;
  padding: 1.6rem;
  -webkit-transition: background 150ms ease-out;
  transition: background 150ms ease-out;
  background: none;
  color: inherit;
  padding: 0.8rem;
}

.c3 > svg {
  margin: 0 -0.4rem 0 0.4rem;
}

.c3 + .c2 {
  margin: 0 0 0 0.8rem;
}

.c3 > svg {
  margin: 0;
}

.c3 + .c2 {
  margin: 0;
}

.c1 {
  background: var(--success);
  color: var(--white);
  font-size: 1.4rem;
  margin: 0 0 var(--gutter);
  padding: 2rem;
  position: relative;
  text-align: center;
}

.c1 button {
  -webkit-align-items: center;
  -webkit-box-align: center;
  -ms-flex-align: center;
  align-items: center;
  display: -webkit-box;
  display: -webkit-flex;
  display: -ms-flexbox;
  display: flex;
  position: absolute;
  right: 0.6rem;
  top: 0;
  bottom: 0;
}

.c4 {
  background: var(--error);
  color: var(--white);
  font-size: 1.4rem;
  margin: 0 0 var(--gutter);
  padding: 2rem;
  position: relative;
  text-align: center;
}

.c4 button {
  -webkit-align-items: center;
  -webkit-box-align: center;
  -ms-flex-align: center;
  align-items: center;
  display: -webkit-box;
  display: -webkit-flex;
  display: -ms-flexbox;
  display: flex;
  position: absolute;
  right: 0.6rem;
  top: 0;
  bottom: 0;
}

.c0 > div {
  margin: calc(var(--gutter) * -1) calc(var(--gutter) * -1) var(--gutter);
}

<div>
  <div
    class="c0"
  >
    <div
      class="c1"
      style="opacity: 0;"
    >
      Success message
      <button
        class="Buttonsstyles__Button-sc-4b7ll8-0 c2 c3"
      >
        <svg
          height="16"
          viewBox="0 0 22 28"
          width="16"
          xmlns="http://www.w3.org/2000/svg"
        >
          <path
            d="M20.281 20.656c0 0.391-0.156 0.781-0.438 1.062l-2.125 2.125c-0.281 0.281-0.672 0.438-1.062 0.438s-0.781-0.156-1.062-0.438l-4.594-4.594-4.594 4.594c-0.281 0.281-0.672 0.438-1.062 0.438s-0.781-0.156-1.062-0.438l-2.125-2.125c-0.281-0.281-0.438-0.672-0.438-1.062s0.156-0.781 0.438-1.062l4.594-4.594-4.594-4.594c-0.281-0.281-0.438-0.672-0.438-1.062s0.156-0.781 0.438-1.062l2.125-2.125c0.281-0.281 0.672-0.438 1.062-0.438s0.781 0.156 1.062 0.438l4.594 4.594 4.594-4.594c0.281-0.281 0.672-0.438 1.062-0.438s0.781 0.156 1.062 0.438l2.125 2.125c0.281 0.281 0.438 0.672 0.438 1.062s-0.156 0.781-0.438 1.062l-4.594 4.594 4.594 4.594c0.281 0.281 0.438 0.672 0.438 1.062z"
          />
        </svg>
      </button>
    </div>
    <div
      class="c4"
      style="opacity: 0;"
    >
      Error message
      <button
        class="Buttonsstyles__Button-sc-4b7ll8-0 c2 c3"
      >
        <svg
          height="16"
          viewBox="0 0 22 28"
          width="16"
          xmlns="http://www.w3.org/2000/svg"
        >
          <path
            d="M20.281 20.656c0 0.391-0.156 0.781-0.438 1.062l-2.125 2.125c-0.281 0.281-0.672 0.438-1.062 0.438s-0.781-0.156-1.062-0.438l-4.594-4.594-4.594 4.594c-0.281 0.281-0.672 0.438-1.062 0.438s-0.781-0.156-1.062-0.438l-2.125-2.125c-0.281-0.281-0.438-0.672-0.438-1.062s0.156-0.781 0.438-1.062l4.594-4.594-4.594-4.594c-0.281-0.281-0.438-0.672-0.438-1.062s0.156-0.781 0.438-1.062l2.125-2.125c0.281-0.281 0.672-0.438 1.062-0.438s0.781 0.156 1.062 0.438l4.594 4.594 4.594-4.594c0.281-0.281 0.672-0.438 1.062-0.438s0.781 0.156 1.062 0.438l2.125 2.125c0.281 0.281 0.438 0.672 0.438 1.062s-0.156 0.781-0.438 1.062l-4.594 4.594 4.594 4.594c0.281 0.281 0.438 0.672 0.438 1.062z"
          />
        </svg>
      </button>
    </div>
  </div>
</div>
`;

exports[`<FlashGroup /> should render two flash messages 1`] = `
.c3 {
  -webkit-appearance: none;
  -moz-appearance: none;
  appearance: none;
  -webkit-align-items: center;
  -webkit-box-align: center;
  -ms-flex-align: center;
  align-items: center;
  border: none;
  border-radius: 0.2rem;
  cursor: pointer;
  display: -webkit-inline-box;
  display: -webkit-inline-flex;
  display: -ms-inline-flexbox;
  display: inline-flex;
  font-family: 'Roboto',Arial,sans-serif;
  font-size: 1.2rem;
  line-height: 1.3333333;
  outline: none;
  padding: 1.6rem;
  -webkit-transition: background 150ms ease-out;
  transition: background 150ms ease-out;
  background: none;
  color: inherit;
  padding: 0.8rem;
}

.c3 > svg {
  margin: 0 -0.4rem 0 0.4rem;
}

.c3 + .c2 {
  margin: 0 0 0 0.8rem;
}

.c3 > svg {
  margin: 0;
}

.c3 + .c2 {
  margin: 0;
}

.c1 {
  background: var(--success);
  color: var(--white);
  font-size: 1.4rem;
  margin: 0 0 var(--gutter);
  padding: 2rem;
  position: relative;
  text-align: center;
}

.c1 button {
  -webkit-align-items: center;
  -webkit-box-align: center;
  -ms-flex-align: center;
  align-items: center;
  display: -webkit-box;
  display: -webkit-flex;
  display: -ms-flexbox;
  display: flex;
  position: absolute;
  right: 0.6rem;
  top: 0;
  bottom: 0;
}

.c4 {
  background: var(--error);
  color: var(--white);
  font-size: 1.4rem;
  margin: 0 0 var(--gutter);
  padding: 2rem;
  position: relative;
  text-align: center;
}

.c4 button {
  -webkit-align-items: center;
  -webkit-box-align: center;
  -ms-flex-align: center;
  align-items: center;
  display: -webkit-box;
  display: -webkit-flex;
  display: -ms-flexbox;
  display: flex;
  position: absolute;
  right: 0.6rem;
  top: 0;
  bottom: 0;
}

.c0 > div {
  margin: calc(var(--gutter) * -1) calc(var(--gutter) * -1) var(--gutter);
}

<div>
  <div
    class="c0"
  >
    <div
      class="c1"
      style="opacity: 0;"
    >
      Success message
      <button
        class="Buttonsstyles__Button-sc-4b7ll8-0 c2 c3"
      >
        <svg
          height="16"
          viewBox="0 0 22 28"
          width="16"
          xmlns="http://www.w3.org/2000/svg"
        >
          <path
            d="M20.281 20.656c0 0.391-0.156 0.781-0.438 1.062l-2.125 2.125c-0.281 0.281-0.672 0.438-1.062 0.438s-0.781-0.156-1.062-0.438l-4.594-4.594-4.594 4.594c-0.281 0.281-0.672 0.438-1.062 0.438s-0.781-0.156-1.062-0.438l-2.125-2.125c-0.281-0.281-0.438-0.672-0.438-1.062s0.156-0.781 0.438-1.062l4.594-4.594-4.594-4.594c-0.281-0.281-0.438-0.672-0.438-1.062s0.156-0.781 0.438-1.062l2.125-2.125c0.281-0.281 0.672-0.438 1.062-0.438s0.781 0.156 1.062 0.438l4.594 4.594 4.594-4.594c0.281-0.281 0.672-0.438 1.062-0.438s0.781 0.156 1.062 0.438l2.125 2.125c0.281 0.281 0.438 0.672 0.438 1.062s-0.156 0.781-0.438 1.062l-4.594 4.594 4.594 4.594c0.281 0.281 0.438 0.672 0.438 1.062z"
          />
        </svg>
      </button>
    </div>
    <div
      class="c4"
      style="opacity: 0;"
    >
      Error message
      <button
        class="Buttonsstyles__Button-sc-4b7ll8-0 c2 c3"
      >
        <svg
          height="16"
          viewBox="0 0 22 28"
          width="16"
          xmlns="http://www.w3.org/2000/svg"
        >
          <path
            d="M20.281 20.656c0 0.391-0.156 0.781-0.438 1.062l-2.125 2.125c-0.281 0.281-0.672 0.438-1.062 0.438s-0.781-0.156-1.062-0.438l-4.594-4.594-4.594 4.594c-0.281 0.281-0.672 0.438-1.062 0.438s-0.781-0.156-1.062-0.438l-2.125-2.125c-0.281-0.281-0.438-0.672-0.438-1.062s0.156-0.781 0.438-1.062l4.594-4.594-4.594-4.594c-0.281-0.281-0.438-0.672-0.438-1.062s0.156-0.781 0.438-1.062l2.125-2.125c0.281-0.281 0.672-0.438 1.062-0.438s0.781 0.156 1.062 0.438l4.594 4.594 4.594-4.594c0.281-0.281 0.672-0.438 1.062-0.438s0.781 0.156 1.062 0.438l2.125 2.125c0.281 0.281 0.438 0.672 0.438 1.062s-0.156 0.781-0.438 1.062l-4.594 4.594 4.594 4.594c0.281 0.281 0.438 0.672 0.438 1.062z"
          />
        </svg>
      </button>
    </div>
  </div>
</div>
`;
