// Jest Snapshot v1, https://goo.gl/fbAQLP

exports[`List Photos should render loading view [status - idle] 1`] = `
.c4 {
  margin: 2rem 0;
  -webkit-animation: jBcSpD 800ms ease-in-out infinite alternate;
  animation: jBcSpD 800ms ease-in-out infinite alternate;
}

.c4:after {
  background: var(--primary-normal);
  border-radius: 50%;
  content: '';
  display: block;
  height: 1rem;
  width: 1rem;
  margin: 0 auto;
}

.c0 {
  -webkit-align-items: center;
  -webkit-box-align: center;
  -ms-flex-align: center;
  align-items: center;
  display: -webkit-box;
  display: -webkit-flex;
  display: -ms-flexbox;
  display: flex;
  -webkit-box-pack: justify;
  -webkit-justify-content: space-between;
  -ms-flex-pack: justify;
  justify-content: space-between;
  margin: 0 0 2rem;
}

.c0 > h1 {
  line-height: 1.835;
  margin: 0;
}

.c0 > h1 > span {
  color: var(--gray-darker);
  font-size: 2rem;
  font-weight: normal;
  line-height: 1;
}

.c3 {
  -webkit-appearance: none;
  -moz-appearance: none;
  appearance: none;
  background: none;
  border: none;
  color: currentColor;
  cursor: pointer;
  display: -webkit-inline-box;
  display: -webkit-inline-flex;
  display: -ms-inline-flexbox;
  display: inline-flex;
  font-family: var(--font-family);
  outline: none;
  padding: 0;
  margin: 0;
  border-radius: 0.2rem;
  font-size: var(--font-size-smaller);
  line-height: 1.3333333;
  padding: 1.6rem;
  -webkit-transition: background 150ms ease-out;
  transition: background 150ms ease-out;
  background: var(--primary-normal);
  color: white;
}

.c3 > svg {
  margin: 0 -0.4rem 0 0.4rem;
}

.c3 + .c2 {
  margin: 0 0 0 0.8rem;
}

.c3:hover {
  background: var(--primary-lighter);
}

.c1 {
  font-size: 2.4rem;
  margin: 0 0 2.4rem;
  font-weight: 500;
}

<div>
  <div
    class="c0"
  >
    <h1
      class="c1"
    >
      Your photos 
      <span>
        (
        )
      </span>
    </h1>
    <button
      class="Buttonsstyles__DefaultButton-jpizpn-0 Buttonsstyles__StyledButton-jpizpn-1 c2 c3"
    >
      Add a new photo
      <svg
        height="14"
        viewBox="0 0 24 24"
        width="14"
        xmlns="http://www.w3.org/2000/svg"
      >
        <path
          d="M18.984 12.984h-6v6h-1.97v-6h-6v-1.97h6v-6h1.97v6h6v1.97z"
        />
      </svg>
    </button>
  </div>
  <div
    class="c4"
  />
</div>
`;

exports[`List Photos should render loading view [status - loading] 1`] = `
.c4 {
  margin: 2rem 0;
  -webkit-animation: jBcSpD 800ms ease-in-out infinite alternate;
  animation: jBcSpD 800ms ease-in-out infinite alternate;
}

.c4:after {
  background: var(--primary-normal);
  border-radius: 50%;
  content: '';
  display: block;
  height: 1rem;
  width: 1rem;
  margin: 0 auto;
}

.c0 {
  -webkit-align-items: center;
  -webkit-box-align: center;
  -ms-flex-align: center;
  align-items: center;
  display: -webkit-box;
  display: -webkit-flex;
  display: -ms-flexbox;
  display: flex;
  -webkit-box-pack: justify;
  -webkit-justify-content: space-between;
  -ms-flex-pack: justify;
  justify-content: space-between;
  margin: 0 0 2rem;
}

.c0 > h1 {
  line-height: 1.835;
  margin: 0;
}

.c0 > h1 > span {
  color: var(--gray-darker);
  font-size: 2rem;
  font-weight: normal;
  line-height: 1;
}

.c3 {
  -webkit-appearance: none;
  -moz-appearance: none;
  appearance: none;
  background: none;
  border: none;
  color: currentColor;
  cursor: pointer;
  display: -webkit-inline-box;
  display: -webkit-inline-flex;
  display: -ms-inline-flexbox;
  display: inline-flex;
  font-family: var(--font-family);
  outline: none;
  padding: 0;
  margin: 0;
  border-radius: 0.2rem;
  font-size: var(--font-size-smaller);
  line-height: 1.3333333;
  padding: 1.6rem;
  -webkit-transition: background 150ms ease-out;
  transition: background 150ms ease-out;
  background: var(--primary-normal);
  color: white;
}

.c3 > svg {
  margin: 0 -0.4rem 0 0.4rem;
}

.c3 + .c2 {
  margin: 0 0 0 0.8rem;
}

.c3:hover {
  background: var(--primary-lighter);
}

.c1 {
  font-size: 2.4rem;
  margin: 0 0 2.4rem;
  font-weight: 500;
}

<div>
  <div
    class="c0"
  >
    <h1
      class="c1"
    >
      Your photos 
      <span>
        (
        )
      </span>
    </h1>
    <button
      class="Buttonsstyles__DefaultButton-jpizpn-0 Buttonsstyles__StyledButton-jpizpn-1 c2 c3"
    >
      Add a new photo
      <svg
        height="14"
        viewBox="0 0 24 24"
        width="14"
        xmlns="http://www.w3.org/2000/svg"
      >
        <path
          d="M18.984 12.984h-6v6h-1.97v-6h-6v-1.97h6v-6h1.97v6h6v1.97z"
        />
      </svg>
    </button>
  </div>
  <div
    class="c4"
  />
</div>
`;
