// Jest Snapshot v1, https://goo.gl/fbAQLP

exports[`<Delete /> should render component 1`] = `
.c5 {
  -webkit-appearance: none;
  -moz-appearance: none;
  appearance: none;
  -webkit-align-items: center;
  -webkit-box-align: center;
  -ms-flex-align: center;
  align-items: center;
  border: none;
  border-radius: 0.2rem;
  cursor: pointer;
  display: -webkit-inline-box;
  display: -webkit-inline-flex;
  display: -ms-inline-flexbox;
  display: inline-flex;
  font-family: 'Roboto',Arial,sans-serif;
  font-size: 1.2rem;
  line-height: 1.3333333;
  outline: none;
  padding: 1.6rem;
  -webkit-transition: background 150ms ease-out;
  transition: background 150ms ease-out;
  background: var(--primary);
  color: white;
}

.c5 > svg {
  margin: 0 -0.4rem 0 0.4rem;
}

.c5 + .c4 {
  margin: 0 0 0 0.8rem;
}

.c5:hover {
  background: var(--primary-lighter);
}

.c3 {
  -webkit-appearance: none;
  -moz-appearance: none;
  appearance: none;
  -webkit-align-items: center;
  -webkit-box-align: center;
  -ms-flex-align: center;
  align-items: center;
  border: none;
  border-radius: 0.2rem;
  cursor: pointer;
  display: -webkit-inline-box;
  display: -webkit-inline-flex;
  display: -ms-inline-flexbox;
  display: inline-flex;
  font-family: 'Roboto',Arial,sans-serif;
  font-size: 1.2rem;
  line-height: 1.3333333;
  outline: none;
  padding: 1.6rem;
  -webkit-transition: background 150ms ease-out;
  transition: background 150ms ease-out;
  background: var(--secondary);
  color: var(--text);
}

.c3 > svg {
  margin: 0 -0.4rem 0 0.4rem;
}

.c3 + .c2 {
  margin: 0 0 0 0.8rem;
}

.c3:hover {
  background: var(--secondary-darker);
}

.c3 + .c4 {
  margin-left: 0.8rem;
}

.c0 {
  font-size: 2.4rem;
  margin: 0 0 2.4rem;
}

.c1 {
  text-align: right;
  font-size: 1.2rem;
}

<div>
  <h1
    class="c0"
  >
    Are you sure?
  </h1>
  <p>
    This action is irreversible
  </p>
  <p
    class="c1"
  >
    <button
      class="c2 c3"
    >
       Cancel 
    </button>
    <button
      class="c4 c5"
    >
       
      Yes
       
    </button>
  </p>
</div>
`;
