// Jest Snapshot v1, https://goo.gl/fbAQLP

exports[`Page subscriptions should load and render subscriptions 1`] = `
.c2 {
  margin: 2rem 0;
  -webkit-animation: jBcSpD 800ms ease-in-out infinite alternate;
  animation: jBcSpD 800ms ease-in-out infinite alternate;
}

.c2:after {
  background: var(--primary);
  border-radius: 50%;
  content: '';
  display: block;
  height: 1rem;
  width: 1rem;
  margin: 0 auto;
}

.c0 {
  -webkit-align-items: center;
  -webkit-box-align: center;
  -ms-flex-align: center;
  align-items: center;
  display: -webkit-box;
  display: -webkit-flex;
  display: -ms-flexbox;
  display: flex;
  -webkit-box-pack: justify;
  -webkit-justify-content: space-between;
  -ms-flex-pack: justify;
  justify-content: space-between;
  margin: 0 0 2rem;
}

.c0 > h1 {
  line-height: 1.835;
  margin: 0;
}

.c0 > h1 > span {
  color: var(--gray-2);
  font-size: 2rem;
  font-weight: normal;
  line-height: 1;
}

.c1 {
  font-size: 2.4rem;
  margin: 0 0 2.4rem;
}

<div>
  <div
    class="c0"
  >
    <h1
      class="c1"
    >
      Your subscriptions 
      <span>
        (
        )
      </span>
    </h1>
  </div>
  <div
    class="c2"
  />
</div>
`;
