// Jest Snapshot v1, https://goo.gl/fbAQLP

exports[`<Delete /> should render component 1`] = `
.c5 {
  -webkit-appearance: none;
  -moz-appearance: none;
  appearance: none;
  background: none;
  border: none;
  color: currentColor;
  cursor: pointer;
  display: -webkit-inline-box;
  display: -webkit-inline-flex;
  display: -ms-inline-flexbox;
  display: inline-flex;
  font-family: var(--font-family);
  outline: none;
  padding: 0;
  margin: 0;
  border-radius: 0.2rem;
  font-size: var(--font-size-smaller);
  line-height: 1.3333333;
  padding: 1.6rem;
  -webkit-transition: background 150ms ease-out;
  transition: background 150ms ease-out;
  background: var(--primary-normal);
  color: white;
}

.c5 > svg {
  margin: 0 -0.4rem 0 0.4rem;
}

.c5 + .c4 {
  margin: 0 0 0 0.8rem;
}

.c5:hover {
  background: var(--primary-lighter);
}

.c3 {
  -webkit-appearance: none;
  -moz-appearance: none;
  appearance: none;
  background: none;
  border: none;
  color: currentColor;
  cursor: pointer;
  display: -webkit-inline-box;
  display: -webkit-inline-flex;
  display: -ms-inline-flexbox;
  display: inline-flex;
  font-family: var(--font-family);
  outline: none;
  padding: 0;
  margin: 0;
  border-radius: 0.2rem;
  font-size: var(--font-size-smaller);
  line-height: 1.3333333;
  padding: 1.6rem;
  -webkit-transition: background 150ms ease-out;
  transition: background 150ms ease-out;
  background: var(--secondary-normal);
  color: var(--text-normal);
}

.c3 > svg {
  margin: 0 -0.4rem 0 0.4rem;
}

.c3 + .c2 {
  margin: 0 0 0 0.8rem;
}

.c3:hover {
  background: var(--secondary-darker);
}

.c3 + .c4,
.c4 + .c3,
.c3 + .c3 {
  margin-left: 0.8rem;
}

.c0 {
  font-size: 2.4rem;
  margin: 0 0 2.4rem;
  font-weight: 500;
}

.c1 {
  text-align: right;
  font-size: var(--font-size-smaller);
}

<div>
  <h1
    class="c0"
  >
    Are you sure?
  </h1>
  <p>
    This action is irreversible
  </p>
  <p
    class="c1"
  >
    <button
      class="Buttonsstyles__DefaultButton-jpizpn-0 Buttonsstyles__StyledButton-jpizpn-1 c2 c3"
    >
       Cancel 
    </button>
    <button
      class="Buttonsstyles__DefaultButton-jpizpn-0 Buttonsstyles__StyledButton-jpizpn-1 c4 c5"
    >
       
      Yes
       
    </button>
  </p>
</div>
`;
