// Jest Snapshot v1, https://goo.gl/fbAQLP

exports[`<PrimaryButton /> should render button 1`] = `
.c1 {
  -webkit-appearance: none;
  -moz-appearance: none;
  appearance: none;
  background: none;
  border: none;
  color: currentColor;
  cursor: pointer;
  display: -webkit-inline-box;
  display: -webkit-inline-flex;
  display: -ms-inline-flexbox;
  display: inline-flex;
  font-family: -apple-system,BlinkMacSystemFont,Segoe UI,Helvetica,Arial,sans-serif,Apple Color Emoji,Segoe UI Emoji;
  outline: none;
  padding: 0;
  margin: 0;
  border-radius: 0.2rem;
  font-size: 1.2rem;
  line-height: 1.3333333;
  padding: 1.6rem;
  -webkit-transition: background 150ms ease-out;
  transition: background 150ms ease-out;
  background: var(--primary-normal);
  color: white;
}

.c1 > svg {
  margin: 0 -0.4rem 0 0.4rem;
}

.c1 + .c0 {
  margin: 0 0 0 0.8rem;
}

.c1:hover {
  background: var(--primary-lighter);
}

<div>
  <button
    class="Buttonsstyles__DefaultButton-jpizpn-0 Buttonsstyles__StyledButton-jpizpn-1 c0 c1"
  >
    Button
  </button>
</div>
`;

exports[`<PrimaryButton /> should render loader 1`] = `
.c1 {
  -webkit-appearance: none;
  -moz-appearance: none;
  appearance: none;
  background: none;
  border: none;
  color: currentColor;
  cursor: pointer;
  display: -webkit-inline-box;
  display: -webkit-inline-flex;
  display: -ms-inline-flexbox;
  display: inline-flex;
  font-family: -apple-system,BlinkMacSystemFont,Segoe UI,Helvetica,Arial,sans-serif,Apple Color Emoji,Segoe UI Emoji;
  outline: none;
  padding: 0;
  margin: 0;
  border-radius: 0.2rem;
  font-size: 1.2rem;
  line-height: 1.3333333;
  padding: 1.6rem;
  -webkit-transition: background 150ms ease-out;
  transition: background 150ms ease-out;
  background: var(--primary-normal);
  color: white;
}

.c1 > svg {
  margin: 0 -0.4rem 0 0.4rem;
}

.c1 + .c0 {
  margin: 0 0 0 0.8rem;
}

.c1:hover {
  background: var(--primary-lighter);
}

<div>
  <button
    class="Buttonsstyles__DefaultButton-jpizpn-0 Buttonsstyles__StyledButton-jpizpn-1 c0 c1"
  >
    Button
  </button>
</div>
`;
