// Jest Snapshot v1, https://goo.gl/fbAQLP

exports[`List Subscriptions should load and render subscriptions 1`] = `
.c2 {
  margin: 0;
  padding: 0;
}

.c0 {
  -webkit-align-items: center;
  -webkit-box-align: center;
  -ms-flex-align: center;
  align-items: center;
  display: -webkit-box;
  display: -webkit-flex;
  display: -ms-flexbox;
  display: flex;
  -webkit-box-pack: justify;
  -webkit-justify-content: space-between;
  -ms-flex-pack: justify;
  justify-content: space-between;
  margin: 0 0 2rem;
}

.c0 > h1 {
  line-height: 1.835;
  margin: 0;
}

.c0 > h1 > span {
  color: var(--gray-2);
  font-size: 2rem;
  font-weight: normal;
  line-height: 1;
}

.c1 {
  font-size: 2.4rem;
  margin: 0 0 2.4rem;
}

.c10 {
  -webkit-appearance: none;
  -moz-appearance: none;
  appearance: none;
  -webkit-align-items: center;
  -webkit-box-align: center;
  -ms-flex-align: center;
  align-items: center;
  border: none;
  border-radius: 0.2rem;
  cursor: pointer;
  display: -webkit-inline-box;
  display: -webkit-inline-flex;
  display: -ms-inline-flexbox;
  display: inline-flex;
  font-family: 'Roboto',Arial,sans-serif;
  font-size: 1.2rem;
  line-height: 1.3333333;
  outline: none;
  padding: 1.6rem;
  -webkit-transition: background 150ms ease-out;
  transition: background 150ms ease-out;
  background: var(--secondary);
  color: var(--text);
  -webkit-align-items: center;
  -webkit-box-align: center;
  -ms-flex-align: center;
  align-items: center;
  font-size: 1.4rem;
  height: 4.4rem;
  -webkit-box-pack: center;
  -webkit-justify-content: center;
  -ms-flex-pack: center;
  justify-content: center;
  padding: 0;
  width: 4.4rem;
}

.c10 > svg {
  margin: 0 -0.4rem 0 0.4rem;
}

.c10 + .c9 {
  margin: 0 0 0 0.8rem;
}

.c10:hover {
  background: var(--secondary-darker);
}

.c10 + .Buttonsstyles__StyledPrimaryButton-sc-4b7ll8-1 {
  margin-left: 0.8rem;
}

.c7 {
  -webkit-appearance: none;
  -moz-appearance: none;
  appearance: none;
  -webkit-align-items: center;
  -webkit-box-align: center;
  -ms-flex-align: center;
  align-items: center;
  border: none;
  border-radius: 0.2rem;
  cursor: pointer;
  display: -webkit-inline-box;
  display: -webkit-inline-flex;
  display: -ms-inline-flexbox;
  display: inline-flex;
  font-family: 'Roboto',Arial,sans-serif;
  font-size: 1.2rem;
  line-height: 1.3333333;
  outline: none;
  padding: 1.6rem;
  -webkit-transition: background 150ms ease-out;
  transition: background 150ms ease-out;
  background: none;
  color: inherit;
  padding: 0.8rem;
}

.c7 > svg {
  margin: 0 -0.4rem 0 0.4rem;
}

.c7 + .c6 {
  margin: 0 0 0 0.8rem;
}

.c7 > svg {
  margin: 0;
}

.c7 + .c6 {
  margin: 0;
}

.c8 {
  display: -webkit-inline-box;
  display: -webkit-inline-flex;
  display: -ms-inline-flexbox;
  display: inline-flex;
  -webkit-box-pack: center;
  -webkit-justify-content: center;
  -ms-flex-pack: center;
  justify-content: center;
  list-style-type: none;
  width: 100%;
  padding: 0;
}

.c8 > li {
  margin: 0 0.4rem;
}

.c4 {
  -webkit-align-items: center;
  -webkit-box-align: center;
  -ms-flex-align: center;
  align-items: center;
  display: -webkit-box;
  display: -webkit-flex;
  display: -ms-flexbox;
  display: flex;
  font-size: 1.4rem;
  list-style: none;
  padding: 1.5rem;
  -webkit-transition: background 100ms ease-out;
  transition: background 100ms ease-out;
}

.c4:hover {
  background: var(--gray-5);
}

.c4 + .c3 {
  border-top: 1px solid var(--secondary);
}

.c4 dl {
  -webkit-flex: auto;
  -ms-flex: auto;
  flex: auto;
  margin: 0;
  padding-right: 4rem;
}

.c4 dt {
  font-weight: 700;
  margin: 0 0 0.5rem;
}

.c4 dd {
  margin: 0 0 1rem;
  word-wrap: break-word;
  word-break: break-all;
}

.c5 {
  -webkit-transition: opacity 150ms ease-out;
  transition: opacity 150ms ease-out;
}

.c5 button {
  opacity: 0.5;
  -webkit-transition: opacity 150ms ease-out;
  transition: opacity 150ms ease-out;
}

.c5 button:hover {
  opacity: 1;
}

<div>
  <div
    class="c0"
  >
    <h1
      class="c1"
    >
      Your subscriptions 
      <span>
        (
        184
        )
      </span>
    </h1>
  </div>
  <ul
    class="c2"
  >
    <li
      class="c3 c4"
    >
      <dl>
        <dt>
          Created at:
        </dt>
        <dd>
          2019-02-05 16:41:23
        </dd>
        <dt>
          Endpoint:
        </dt>
        <dd>
          https://fcm.googleapis.com/
        </dd>
      </dl>
      <p
        class="c5"
      >
        <button
          class="Buttonsstyles__Button-sc-4b7ll8-0 c6 c7"
          title="Revoke"
        >
          <svg
            height="16"
            version="1.1"
            viewBox="0 0 22 28"
            width="22"
            xmlns="http://www.w3.org/2000/svg"
          >
            <path
              d="M8 21.5v-11c0-0.281-0.219-0.5-0.5-0.5h-1c-0.281 0-0.5 0.219-0.5 0.5v11c0 0.281 0.219 0.5 0.5 0.5h1c0.281 0 0.5-0.219 0.5-0.5zM12 21.5v-11c0-0.281-0.219-0.5-0.5-0.5h-1c-0.281 0-0.5 0.219-0.5 0.5v11c0 0.281 0.219 0.5 0.5 0.5h1c0.281 0 0.5-0.219 0.5-0.5zM16 21.5v-11c0-0.281-0.219-0.5-0.5-0.5h-1c-0.281 0-0.5 0.219-0.5 0.5v11c0 0.281 0.219 0.5 0.5 0.5h1c0.281 0 0.5-0.219 0.5-0.5zM7.5 6h7l-0.75-1.828c-0.047-0.063-0.187-0.156-0.266-0.172h-4.953c-0.094 0.016-0.219 0.109-0.266 0.172zM22 6.5v1c0 0.281-0.219 0.5-0.5 0.5h-1.5v14.812c0 1.719-1.125 3.187-2.5 3.187h-13c-1.375 0-2.5-1.406-2.5-3.125v-14.875h-1.5c-0.281 0-0.5-0.219-0.5-0.5v-1c0-0.281 0.219-0.5 0.5-0.5h4.828l1.094-2.609c0.313-0.766 1.25-1.391 2.078-1.391h5c0.828 0 1.766 0.625 2.078 1.391l1.094 2.609h4.828c0.281 0 0.5 0.219 0.5 0.5z"
            />
          </svg>
        </button>
      </p>
    </li>
  </ul>
  <ul
    class="c8"
  >
    <li>
      <button
        class="Buttonsstyles__Button-sc-4b7ll8-0 Buttonsstyles__SecondaryButton-sc-4b7ll8-3 c9 c10"
        title="Next page"
      >
        »
      </button>
    </li>
    <li>
      <button
        class="Buttonsstyles__Button-sc-4b7ll8-0 Buttonsstyles__SecondaryButton-sc-4b7ll8-3 c9 c10"
        title="Last page"
      >
        »»
      </button>
    </li>
  </ul>
</div>
`;

exports[`List Subscriptions should render loading view [status - idle] 1`] = `
.c2 {
  margin: 2rem 0;
  -webkit-animation: jBcSpD 800ms ease-in-out infinite alternate;
  animation: jBcSpD 800ms ease-in-out infinite alternate;
}

.c2:after {
  background: var(--primary);
  border-radius: 50%;
  content: '';
  display: block;
  height: 1rem;
  width: 1rem;
  margin: 0 auto;
}

.c0 {
  -webkit-align-items: center;
  -webkit-box-align: center;
  -ms-flex-align: center;
  align-items: center;
  display: -webkit-box;
  display: -webkit-flex;
  display: -ms-flexbox;
  display: flex;
  -webkit-box-pack: justify;
  -webkit-justify-content: space-between;
  -ms-flex-pack: justify;
  justify-content: space-between;
  margin: 0 0 2rem;
}

.c0 > h1 {
  line-height: 1.835;
  margin: 0;
}

.c0 > h1 > span {
  color: var(--gray-2);
  font-size: 2rem;
  font-weight: normal;
  line-height: 1;
}

.c1 {
  font-size: 2.4rem;
  margin: 0 0 2.4rem;
}

<div>
  <div
    class="c0"
  >
    <h1
      class="c1"
    >
      Your subscriptions 
      <span>
        (
        )
      </span>
    </h1>
  </div>
  <div
    class="c2"
  />
</div>
`;

exports[`List Subscriptions should render loading view [status - loading] 1`] = `
.c2 {
  margin: 2rem 0;
  -webkit-animation: jBcSpD 800ms ease-in-out infinite alternate;
  animation: jBcSpD 800ms ease-in-out infinite alternate;
}

.c2:after {
  background: var(--primary);
  border-radius: 50%;
  content: '';
  display: block;
  height: 1rem;
  width: 1rem;
  margin: 0 auto;
}

.c0 {
  -webkit-align-items: center;
  -webkit-box-align: center;
  -ms-flex-align: center;
  align-items: center;
  display: -webkit-box;
  display: -webkit-flex;
  display: -ms-flexbox;
  display: flex;
  -webkit-box-pack: justify;
  -webkit-justify-content: space-between;
  -ms-flex-pack: justify;
  justify-content: space-between;
  margin: 0 0 2rem;
}

.c0 > h1 {
  line-height: 1.835;
  margin: 0;
}

.c0 > h1 > span {
  color: var(--gray-2);
  font-size: 2rem;
  font-weight: normal;
  line-height: 1;
}

.c1 {
  font-size: 2.4rem;
  margin: 0 0 2.4rem;
}

<div>
  <div
    class="c0"
  >
    <h1
      class="c1"
    >
      Your subscriptions 
      <span>
        (
        )
      </span>
    </h1>
  </div>
  <div
    class="c2"
  />
</div>
`;
