// Jest Snapshot v1, https://goo.gl/fbAQLP

exports[`<Input /> should render input 1`] = `
.c0 {
  margin: 0 0 var(--gutter);
}

.c1 {
  display: block;
  font-size: 1.6rem;
  margin: 0 0 1rem;
}

.c2 {
  -webkit-appearance: none;
  -moz-appearance: none;
  appearance: none;
  border: 1px solid var(--gray-1);
  border-radius: 0.4rem;
  display: block;
  outline: none;
  padding: 1rem;
  width: 100%;
  font-size: 1.4rem;
}

.c2:focus {
  box-shadow: 0 0 0 0.3rem #c8e2ff;
}

<div>
  <div
    class="c0"
  >
    <label
      class="c1"
      for="myinput"
    >
      My input
    </label>
    <input
      class="c2"
      id="myinput"
      name="myinput"
      type="text"
      value="my custom value"
    />
  </div>
</div>
`;
