// Jest Snapshot v1, https://goo.gl/fbAQLP

exports[`<Photos /> should render component 1`] = `
.c6 {
  display: -webkit-inline-box;
  display: -webkit-inline-flex;
  display: -ms-inline-flexbox;
  display: inline-flex;
  -webkit-box-pack: center;
  -webkit-justify-content: center;
  -ms-flex-pack: center;
  justify-content: center;
  list-style-type: none;
  width: 100%;
  padding: 0;
}

.c6 > li {
  margin: 0 0.4rem;
}

.c8 {
  -webkit-appearance: none;
  -moz-appearance: none;
  appearance: none;
  background: none;
  border: none;
  color: currentColor;
  cursor: pointer;
  display: -webkit-inline-box;
  display: -webkit-inline-flex;
  display: -ms-inline-flexbox;
  display: inline-flex;
  font-family: -apple-system,BlinkMacSystemFont,Segoe UI,Helvetica,Arial,sans-serif,Apple Color Emoji,Segoe UI Emoji;
  outline: none;
  padding: 0;
  margin: 0;
  border-radius: 0.2rem;
  font-size: 1.2rem;
  line-height: 1.3333333;
  padding: 1.6rem;
  -webkit-transition: background 150ms ease-out;
  transition: background 150ms ease-out;
  background: var(--secondary-normal);
  color: var(--text-normal);
  -webkit-align-items: center;
  -webkit-box-align: center;
  -ms-flex-align: center;
  align-items: center;
  font-size: 1.4rem;
  height: 4.4rem;
  -webkit-box-pack: center;
  -webkit-justify-content: center;
  -ms-flex-pack: center;
  justify-content: center;
  padding: 0;
  width: 4.4rem;
}

.c8 > svg {
  margin: 0 -0.4rem 0 0.4rem;
}

.c8 + .c7 {
  margin: 0 0 0 0.8rem;
}

.c8:hover {
  background: var(--secondary-darker);
}

.c8 + .Buttonsstyles__PrimaryButton-jpizpn-2 {
  margin-left: 0.8rem;
}

.c0 {
  grid-row-start: 1;
  grid-column: 1 / span 6;
  margin: 0;
}

.c4 {
  grid-row-start: 2;
  grid-column: 1 / span 6;
  margin: 0;
}

.c2 {
  font-size: 1.3rem;
}

.c3 {
  color: var(--gray-normal);
  display: block;
  font-size: 1.1rem;
  font-style: italic;
  margin: 0.4rem 0 0;
}

.c1 {
  background: var(--gray-lighter);
  position: relative;
  padding-top: calc(0.666667 * 100%);
  width: 100%;
  margin: 0 0 1rem;
}

.c5 {
  grid-column: 1 / -1;
  margin: 8.5rem 0;
}

@media (min-width:800px) {
  .c0 {
    grid-column: calc(var(--grid-number-column-large) - 8) / span 8;
  }

  .c0 + figure {
    margin-top: 20rem;
  }
}

@media (min-width:800px) {
  .c4 {
    grid-column: 3 / span 8;
  }

  .c4 + figure {
    margin-top: 20rem;
  }
}

<div>
  <figure
    class="c0"
  >
    <div
      class="c1"
    />
    <figcaption
      class="c2"
    >
      <span />
      <span
        class="c3"
      >
        Février 2019
      </span>
    </figcaption>
  </figure>
  <figure
    class="c4"
  >
    <div
      class="c1"
    />
    <figcaption
      class="c2"
    >
      <span />
      <span
        class="c3"
      >
        Janvier 2019
      </span>
    </figcaption>
  </figure>
  <div
    class="c5"
  >
    <ul
      class="c6"
    >
      <li>
        <button
          class="Buttonsstyles__DefaultButton-jpizpn-0 Buttonsstyles__StyledButton-jpizpn-1 Buttonsstyles__SecondaryButton-jpizpn-4 c7 c8"
          title="Next page"
        >
          »
        </button>
      </li>
      <li>
        <button
          class="Buttonsstyles__DefaultButton-jpizpn-0 Buttonsstyles__StyledButton-jpizpn-1 Buttonsstyles__SecondaryButton-jpizpn-4 c7 c8"
          title="Last page"
        >
          »»
        </button>
      </li>
    </ul>
  </div>
</div>
`;
